[2021-05-16T19:33:04.090+0200][0.009s] Heap region size: 1M
[2021-05-16T19:33:04.107+0200][0.027s] Using G1
[2021-05-16T19:33:04.107+0200][0.027s] Heap address: 0x00000000e0000000, size: 512 MB, Compressed Oops mode: 32-bit
[2021-05-16T19:33:04.108+0200][0.027s] Mark closed archive regions in map: [0x00000000fff00000, 0x00000000fff6aff8]
[2021-05-16T19:33:04.108+0200][0.027s] Mark open archive regions in map: [0x00000000ffe00000, 0x00000000ffe46ff8]
[2021-05-16T19:33:04.753+0200][0,672s] GC(0) Pause Young (Normal) (G1 Evacuation Pause)
[2021-05-16T19:33:04.753+0200][0,673s] GC(0) Using 4 workers of 4 for evacuation
[2021-05-16T19:33:04.765+0200][0,685s] GC(0)   Pre Evacuate Collection Set: 0,0ms
[2021-05-16T19:33:04.765+0200][0,685s] GC(0)   Evacuate Collection Set: 10,8ms
[2021-05-16T19:33:04.765+0200][0,685s] GC(0)   Post Evacuate Collection Set: 1,0ms
[2021-05-16T19:33:04.765+0200][0,685s] GC(0)   Other: 0,4ms
[2021-05-16T19:33:04.765+0200][0,685s] GC(0) Eden regions: 25->0(304)
[2021-05-16T19:33:04.765+0200][0,685s] GC(0) Survivor regions: 0->3(4)
[2021-05-16T19:33:04.765+0200][0,685s] GC(0) Old regions: 2->2
[2021-05-16T19:33:04.765+0200][0,685s] GC(0) Humongous regions: 0->0
[2021-05-16T19:33:04.765+0200][0,685s] GC(0) Metaspace: 6035K->6035K(1056768K)
[2021-05-16T19:33:04.765+0200][0,685s] GC(0) Pause Young (Normal) (G1 Evacuation Pause) 25M->3M(512M) 12,279ms
[2021-05-16T19:33:04.765+0200][0,685s] GC(0) User=0,04s Sys=0,00s Real=0,01s
[2021-05-16T19:33:06.429+0200][2,348s] GC(1) Pause Young (Normal) (G1 Evacuation Pause)
[2021-05-16T19:33:06.429+0200][2,348s] GC(1) Using 4 workers of 4 for evacuation
[2021-05-16T19:33:06.463+0200][2,383s] GC(1)   Pre Evacuate Collection Set: 0,0ms
[2021-05-16T19:33:06.463+0200][2,383s] GC(1)   Evacuate Collection Set: 33,6ms
[2021-05-16T19:33:06.463+0200][2,383s] GC(1)   Post Evacuate Collection Set: 0,6ms
[2021-05-16T19:33:06.463+0200][2,383s] GC(1)   Other: 0,2ms
[2021-05-16T19:33:06.463+0200][2,383s] GC(1) Eden regions: 101->0(63)
[2021-05-16T19:33:06.463+0200][2,383s] GC(1) Survivor regions: 3->13(13)
[2021-05-16T19:33:06.463+0200][2,383s] GC(1) Old regions: 2->8
[2021-05-16T19:33:06.463+0200][2,383s] GC(1) Humongous regions: 4->4
[2021-05-16T19:33:06.463+0200][2,383s] GC(1) Metaspace: 20222K->20222K(1067008K)
[2021-05-16T19:33:06.463+0200][2,383s] GC(1) Pause Young (Normal) (G1 Evacuation Pause) 108M->23M(512M) 34,530ms
[2021-05-16T19:33:06.463+0200][2,383s] GC(1) User=0,10s Sys=0,01s Real=0,04s
[2021-05-16T19:33:06.482+0200][2,402s] GC(2) Pause Young (Concurrent Start) (Metadata GC Threshold)
[2021-05-16T19:33:06.482+0200][2,402s] GC(2) Using 4 workers of 4 for evacuation
[2021-05-16T19:33:06.496+0200][2,416s] GC(2)   Pre Evacuate Collection Set: 0,0ms
[2021-05-16T19:33:06.496+0200][2,416s] GC(2)   Evacuate Collection Set: 13,5ms
[2021-05-16T19:33:06.496+0200][2,416s] GC(2)   Post Evacuate Collection Set: 0,4ms
[2021-05-16T19:33:06.496+0200][2,416s] GC(2)   Other: 0,2ms
[2021-05-16T19:33:06.496+0200][2,416s] GC(2) Eden regions: 2->0(35)
[2021-05-16T19:33:06.496+0200][2,416s] GC(2) Survivor regions: 13->1(10)
[2021-05-16T19:33:06.496+0200][2,416s] GC(2) Old regions: 8->21
[2021-05-16T19:33:06.496+0200][2,416s] GC(2) Humongous regions: 4->4
[2021-05-16T19:33:06.496+0200][2,416s] GC(2) Metaspace: 20403K->20403K(1069056K)
[2021-05-16T19:33:06.496+0200][2,416s] GC(2) Pause Young (Concurrent Start) (Metadata GC Threshold) 25M->24M(512M) 14,123ms
[2021-05-16T19:33:06.496+0200][2,416s] GC(2) User=0,04s Sys=0,00s Real=0,01s
[2021-05-16T19:33:06.496+0200][2,416s] GC(3) Concurrent Cycle
[2021-05-16T19:33:06.496+0200][2,416s] GC(3) Concurrent Clear Claimed Marks
[2021-05-16T19:33:06.497+0200][2,416s] GC(3) Concurrent Clear Claimed Marks 0,039ms
[2021-05-16T19:33:06.497+0200][2,416s] GC(3) Concurrent Scan Root Regions
[2021-05-16T19:33:06.497+0200][2,416s] GC(3) Concurrent Scan Root Regions 0,212ms
[2021-05-16T19:33:06.497+0200][2,416s] GC(3) Concurrent Mark (2,416s)
[2021-05-16T19:33:06.497+0200][2,416s] GC(3) Concurrent Mark From Roots
[2021-05-16T19:33:06.497+0200][2,416s] GC(3) Using 1 workers of 1 for marking
[2021-05-16T19:33:06.530+0200][2,449s] GC(3) Concurrent Mark From Roots 33,191ms
[2021-05-16T19:33:06.530+0200][2,449s] GC(3) Concurrent Preclean
[2021-05-16T19:33:06.530+0200][2,450s] GC(3) Concurrent Preclean 0,141ms
[2021-05-16T19:33:06.530+0200][2,450s] GC(3) Concurrent Mark (2,416s, 2,450s) 33,383ms
[2021-05-16T19:33:06.530+0200][2,450s] GC(3) Pause Remark
[2021-05-16T19:33:06.537+0200][2,457s] GC(3) Cleaned string and symbol table, strings: 8883 processed, 0 removed, symbols: 59853 processed, 48 removed
[2021-05-16T19:33:06.537+0200][2,457s] GC(3) Pause Remark 27M->27M(512M) 7,009ms
[2021-05-16T19:33:06.537+0200][2,457s] GC(3) User=0,03s Sys=0,00s Real=0,01s
[2021-05-16T19:33:06.538+0200][2,457s] GC(3) Concurrent Rebuild Remembered Sets
[2021-05-16T19:33:06.579+0200][2,498s] GC(3) Concurrent Rebuild Remembered Sets 41,160ms
[2021-05-16T19:33:06.579+0200][2,498s] GC(3) Pause Cleanup
[2021-05-16T19:33:06.579+0200][2,499s] GC(3) Pause Cleanup 29M->29M(512M) 0,160ms
[2021-05-16T19:33:06.579+0200][2,499s] GC(3) User=0,00s Sys=0,00s Real=0,00s
[2021-05-16T19:33:06.579+0200][2,499s] GC(3) Concurrent Cleanup for Next Mark
[2021-05-16T19:33:06.580+0200][2,499s] GC(3) Concurrent Cleanup for Next Mark 0,574ms
[2021-05-16T19:33:06.580+0200][2,499s] GC(3) Concurrent Cycle 83,241ms
[2021-05-16T19:33:07.052+0200][2,972s] GC(4) Pause Young (Concurrent Start) (G1 Evacuation Pause)
[2021-05-16T19:33:07.053+0200][2,972s] GC(4) Using 4 workers of 4 for evacuation
[2021-05-16T19:33:07.061+0200][2,981s] GC(4)   Pre Evacuate Collection Set: 0,1ms
[2021-05-16T19:33:07.061+0200][2,981s] GC(4)   Evacuate Collection Set: 6,2ms
[2021-05-16T19:33:07.061+0200][2,981s] GC(4)   Post Evacuate Collection Set: 2,3ms
[2021-05-16T19:33:07.061+0200][2,981s] GC(4)   Other: 0,2ms
[2021-05-16T19:33:07.061+0200][2,981s] GC(4) Eden regions: 35->0(59)
[2021-05-16T19:33:07.061+0200][2,981s] GC(4) Survivor regions: 1->4(5)
[2021-05-16T19:33:07.061+0200][2,981s] GC(4) Old regions: 21->21
[2021-05-16T19:33:07.061+0200][2,981s] GC(4) Humongous regions: 4->4
[2021-05-16T19:33:07.061+0200][2,981s] GC(4) Metaspace: 25549K->25549K(1073152K)
[2021-05-16T19:33:07.061+0200][2,981s] GC(4) Pause Young (Concurrent Start) (G1 Evacuation Pause) 59M->26M(512M) 8,835ms
[2021-05-16T19:33:07.061+0200][2,981s] GC(4) User=0,02s Sys=0,00s Real=0,01s
[2021-05-16T19:33:07.061+0200][2,981s] GC(5) Concurrent Cycle
[2021-05-16T19:33:07.061+0200][2,981s] GC(5) Concurrent Clear Claimed Marks
[2021-05-16T19:33:07.061+0200][2,981s] GC(5) Concurrent Clear Claimed Marks 0,053ms
[2021-05-16T19:33:07.061+0200][2,981s] GC(5) Concurrent Scan Root Regions
[2021-05-16T19:33:07.065+0200][2,984s] GC(5) Concurrent Scan Root Regions 3,163ms
[2021-05-16T19:33:07.065+0200][2,984s] GC(5) Concurrent Mark (2,984s)
[2021-05-16T19:33:07.065+0200][2,984s] GC(5) Concurrent Mark From Roots
[2021-05-16T19:33:07.065+0200][2,984s] GC(5) Using 1 workers of 1 for marking
[2021-05-16T19:33:07.105+0200][3,024s] GC(5) Concurrent Mark From Roots 40,018ms
[2021-05-16T19:33:07.105+0200][3,024s] GC(5) Concurrent Preclean
[2021-05-16T19:33:07.105+0200][3,024s] GC(5) Concurrent Preclean 0,147ms
[2021-05-16T19:33:07.105+0200][3,024s] GC(5) Concurrent Mark (2,984s, 3,024s) 40,231ms
[2021-05-16T19:33:07.105+0200][3,024s] GC(5) Pause Remark
[2021-05-16T19:33:07.117+0200][3,036s] GC(5) Cleaned string and symbol table, strings: 11954 processed, 24 removed, symbols: 74758 processed, 12 removed
[2021-05-16T19:33:07.117+0200][3,037s] GC(5) Pause Remark 30M->30M(512M) 12,094ms
[2021-05-16T19:33:07.117+0200][3,037s] GC(5) User=0,03s Sys=0,00s Real=0,02s
[2021-05-16T19:33:07.117+0200][3,037s] GC(5) Concurrent Rebuild Remembered Sets
[2021-05-16T19:33:07.135+0200][3,055s] GC(5) Concurrent Rebuild Remembered Sets 17,984ms
[2021-05-16T19:33:07.135+0200][3,055s] GC(5) Pause Cleanup
[2021-05-16T19:33:07.135+0200][3,055s] GC(5) Pause Cleanup 32M->32M(512M) 0,091ms
[2021-05-16T19:33:07.135+0200][3,055s] GC(5) User=0,00s Sys=0,00s Real=0,00s
[2021-05-16T19:33:07.135+0200][3,055s] GC(5) Concurrent Cleanup for Next Mark
[2021-05-16T19:33:07.136+0200][3,055s] GC(5) Concurrent Cleanup for Next Mark 0,585ms
[2021-05-16T19:33:07.136+0200][3,056s] GC(5) Concurrent Cycle 74,615ms
[2021-05-16T21:09:48.025+0200][2983,199s] GC(6) Pause Young (Normal) (G1 Evacuation Pause)
[2021-05-16T21:09:48.026+0200][2983,200s] GC(6) Using 4 workers of 4 for evacuation
[2021-05-16T21:09:48.076+0200][2983,249s] GC(6)   Pre Evacuate Collection Set: 0,1ms
[2021-05-16T21:09:48.076+0200][2983,249s] GC(6)   Evacuate Collection Set: 46,4ms
[2021-05-16T21:09:48.076+0200][2983,249s] GC(6)   Post Evacuate Collection Set: 2,7ms
[2021-05-16T21:09:48.076+0200][2983,250s] GC(6)   Other: 1,4ms
[2021-05-16T21:09:48.076+0200][2983,250s] GC(6) Eden regions: 59->0(84)
[2021-05-16T21:09:48.076+0200][2983,250s] GC(6) Survivor regions: 4->6(8)
[2021-05-16T21:09:48.076+0200][2983,250s] GC(6) Old regions: 21->21
[2021-05-16T21:09:48.076+0200][2983,250s] GC(6) Humongous regions: 4->4
[2021-05-16T21:09:48.076+0200][2983,250s] GC(6) Metaspace: 30639K->30639K(1077248K)
[2021-05-16T21:09:48.076+0200][2983,250s] GC(6) Pause Young (Normal) (G1 Evacuation Pause) 85M->28M(512M) 51,033ms
[2021-05-16T21:09:48.076+0200][2983,250s] GC(6) User=0,14s Sys=0,00s Real=0,05s
[2021-05-16T21:11:23.176+0200][3078,349s] GC(7) Pause Young (Normal) (G1 Evacuation Pause)
[2021-05-16T21:11:23.176+0200][3078,350s] GC(7) Using 4 workers of 4 for evacuation
[2021-05-16T21:11:23.185+0200][3078,359s] GC(7)   Pre Evacuate Collection Set: 0,0ms
[2021-05-16T21:11:23.185+0200][3078,359s] GC(7)   Evacuate Collection Set: 7,6ms
[2021-05-16T21:11:23.185+0200][3078,359s] GC(7)   Post Evacuate Collection Set: 1,3ms
[2021-05-16T21:11:23.185+0200][3078,359s] GC(7)   Other: 0,4ms
[2021-05-16T21:11:23.185+0200][3078,359s] GC(7) Eden regions: 84->0(115)
[2021-05-16T21:11:23.185+0200][3078,359s] GC(7) Survivor regions: 6->11(12)
[2021-05-16T21:11:23.185+0200][3078,359s] GC(7) Old regions: 21->21
[2021-05-16T21:11:23.185+0200][3078,359s] GC(7) Humongous regions: 6->5
[2021-05-16T21:11:23.185+0200][3078,359s] GC(7) Metaspace: 34206K->34206K(1081344K)
[2021-05-16T21:11:23.185+0200][3078,359s] GC(7) Pause Young (Normal) (G1 Evacuation Pause) 114M->35M(512M) 9,526ms
[2021-05-16T21:11:23.185+0200][3078,359s] GC(7) User=0,04s Sys=0,00s Real=0,01s
[2021-05-16T21:11:23.448+0200][3078,622s] GC(8) Pause Young (Normal) (G1 Evacuation Pause)
[2021-05-16T21:11:23.448+0200][3078,622s] GC(8) Using 4 workers of 4 for evacuation
[2021-05-16T21:11:23.461+0200][3078,635s] GC(8)   Pre Evacuate Collection Set: 0,0ms
[2021-05-16T21:11:23.461+0200][3078,635s] GC(8)   Evacuate Collection Set: 10,7ms
[2021-05-16T21:11:23.461+0200][3078,635s] GC(8)   Post Evacuate Collection Set: 1,8ms
[2021-05-16T21:11:23.461+0200][3078,635s] GC(8)   Other: 0,2ms
[2021-05-16T21:11:23.461+0200][3078,635s] GC(8) Eden regions: 115->0(138)
[2021-05-16T21:11:23.461+0200][3078,635s] GC(8) Survivor regions: 11->10(16)
[2021-05-16T21:11:23.461+0200][3078,635s] GC(8) Old regions: 21->24
[2021-05-16T21:11:23.461+0200][3078,635s] GC(8) Humongous regions: 5->5
[2021-05-16T21:11:23.461+0200][3078,635s] GC(8) Metaspace: 35221K->35221K(1081344K)
[2021-05-16T21:11:23.461+0200][3078,635s] GC(8) Pause Young (Normal) (G1 Evacuation Pause) 150M->37M(512M) 12,845ms
[2021-05-16T21:11:23.461+0200][3078,635s] GC(8) User=0,05s Sys=0,00s Real=0,01s
[2021-05-16T21:11:24.384+0200][3079,558s] GC(9) Pause Young (Normal) (G1 Evacuation Pause)
[2021-05-16T21:11:24.384+0200][3079,558s] GC(9) Using 4 workers of 4 for evacuation
[2021-05-16T21:11:24.400+0200][3079,574s] GC(9)   Pre Evacuate Collection Set: 0,0ms
[2021-05-16T21:11:24.400+0200][3079,574s] GC(9)   Evacuate Collection Set: 13,4ms
[2021-05-16T21:11:24.400+0200][3079,574s] GC(9)   Post Evacuate Collection Set: 2,1ms
[2021-05-16T21:11:24.400+0200][3079,574s] GC(9)   Other: 0,2ms
[2021-05-16T21:11:24.400+0200][3079,574s] GC(9) Eden regions: 138->0(206)
[2021-05-16T21:11:24.400+0200][3079,574s] GC(9) Survivor regions: 10->12(19)
[2021-05-16T21:11:24.400+0200][3079,574s] GC(9) Old regions: 24->24
[2021-05-16T21:11:24.400+0200][3079,574s] GC(9) Humongous regions: 5->5
[2021-05-16T21:11:24.400+0200][3079,574s] GC(9) Metaspace: 41085K->41085K(1087488K)
[2021-05-16T21:11:24.400+0200][3079,574s] GC(9) Pause Young (Normal) (G1 Evacuation Pause) 175M->39M(512M) 15,819ms
[2021-05-16T21:11:24.400+0200][3079,574s] GC(9) User=0,07s Sys=0,00s Real=0,01s
[2021-05-16T22:48:51.582+0200][8926,048s] GC(10) Pause Young (Concurrent Start) (Metadata GC Threshold)
[2021-05-16T22:48:51.586+0200][8926,051s] GC(10) Using 4 workers of 4 for evacuation
[2021-05-16T22:48:51.601+0200][8926,067s] GC(10)   Pre Evacuate Collection Set: 0,1ms
[2021-05-16T22:48:51.601+0200][8926,067s] GC(10)   Evacuate Collection Set: 14,1ms
[2021-05-16T22:48:51.601+0200][8926,067s] GC(10)   Post Evacuate Collection Set: 1,2ms
[2021-05-16T22:48:51.601+0200][8926,067s] GC(10)   Other: 4,0ms
[2021-05-16T22:48:51.601+0200][8926,067s] GC(10) Eden regions: 103->0(204)
[2021-05-16T22:48:51.601+0200][8926,067s] GC(10) Survivor regions: 12->15(28)
[2021-05-16T22:48:51.601+0200][8926,067s] GC(10) Old regions: 24->24
[2021-05-16T22:48:51.601+0200][8926,067s] GC(10) Humongous regions: 5->5
[2021-05-16T22:48:51.601+0200][8926,067s] GC(10) Metaspace: 43666K->43666K(1089536K)
[2021-05-16T22:48:51.601+0200][8926,067s] GC(10) Pause Young (Concurrent Start) (Metadata GC Threshold) 142M->41M(512M) 19,527ms
[2021-05-16T22:48:51.601+0200][8926,067s] GC(10) User=0,04s Sys=0,00s Real=0,02s
[2021-05-16T22:48:51.601+0200][8926,067s] GC(11) Concurrent Cycle
[2021-05-16T22:48:51.602+0200][8926,067s] GC(11) Concurrent Clear Claimed Marks
[2021-05-16T22:48:51.602+0200][8926,067s] GC(11) Concurrent Clear Claimed Marks 0,086ms
[2021-05-16T22:48:51.602+0200][8926,067s] GC(11) Concurrent Scan Root Regions
[2021-05-16T22:48:51.613+0200][8926,079s] GC(11) Concurrent Scan Root Regions 11,691ms
[2021-05-16T22:48:51.613+0200][8926,079s] GC(11) Concurrent Mark (8926,079s)
[2021-05-16T22:48:51.613+0200][8926,079s] GC(11) Concurrent Mark From Roots
[2021-05-16T22:48:51.613+0200][8926,079s] GC(11) Using 1 workers of 1 for marking
[2021-05-16T22:48:51.649+0200][8926,114s] GC(11) Concurrent Mark From Roots 35,322ms
[2021-05-16T22:48:51.649+0200][8926,114s] GC(11) Concurrent Preclean
[2021-05-16T22:48:51.649+0200][8926,115s] GC(11) Concurrent Preclean 0,223ms
[2021-05-16T22:48:51.649+0200][8926,115s] GC(11) Concurrent Mark (8926,079s, 8926,115s) 35,610ms
[2021-05-16T22:48:51.649+0200][8926,115s] GC(11) Pause Remark
[2021-05-16T22:48:51.666+0200][8926,132s] GC(11) Cleaned string and symbol table, strings: 22305 processed, 899 removed, symbols: 120849 processed, 628 removed
[2021-05-16T22:48:51.667+0200][8926,132s] GC(11) Pause Remark 42M->42M(512M) 17,598ms
[2021-05-16T22:48:51.667+0200][8926,132s] GC(11) User=0,05s Sys=0,00s Real=0,02s
[2021-05-16T22:48:51.667+0200][8926,132s] GC(11) Concurrent Rebuild Remembered Sets
[2021-05-16T22:48:51.684+0200][8926,149s] GC(11) Concurrent Rebuild Remembered Sets 17,008ms
[2021-05-16T22:48:51.684+0200][8926,149s] GC(11) Pause Cleanup
[2021-05-16T22:48:51.684+0200][8926,150s] GC(11) Pause Cleanup 42M->42M(512M) 0,091ms
[2021-05-16T22:48:51.684+0200][8926,150s] GC(11) User=0,00s Sys=0,00s Real=0,00s
[2021-05-16T22:48:51.684+0200][8926,150s] GC(11) Concurrent Cleanup for Next Mark
[2021-05-16T22:48:51.685+0200][8926,150s] GC(11) Concurrent Cleanup for Next Mark 0,545ms
[2021-05-16T22:48:51.685+0200][8926,150s] GC(11) Concurrent Cycle 83,099ms
[2021-05-16T23:22:37.715+0200][10952,180s] GC(12) Pause Young (Normal) (G1 Evacuation Pause)
[2021-05-16T23:22:37.715+0200][10952,181s] GC(12) Using 4 workers of 4 for evacuation
[2021-05-16T23:22:37.753+0200][10952,218s] GC(12)   Pre Evacuate Collection Set: 0,0ms
[2021-05-16T23:22:37.753+0200][10952,218s] GC(12)   Evacuate Collection Set: 31,7ms
[2021-05-16T23:22:37.753+0200][10952,218s] GC(12)   Post Evacuate Collection Set: 6,0ms
[2021-05-16T23:22:37.753+0200][10952,219s] GC(12)   Other: 0,4ms
[2021-05-16T23:22:37.753+0200][10952,219s] GC(12) Eden regions: 211->0(284)
[2021-05-16T23:22:37.753+0200][10952,219s] GC(12) Survivor regions: 15->23(29)
[2021-05-16T23:22:37.753+0200][10952,219s] GC(12) Old regions: 24->24
[2021-05-16T23:22:37.753+0200][10952,219s] GC(12) Humongous regions: 14->8
[2021-05-16T23:22:37.753+0200][10952,219s] GC(12) Metaspace: 46598K->46598K(1091584K)
[2021-05-16T23:22:37.753+0200][10952,219s] GC(12) Pause Young (Normal) (G1 Evacuation Pause) 261M->52M(512M) 38,249ms
[2021-05-16T23:22:37.753+0200][10952,219s] GC(12) User=0,11s Sys=0,00s Real=0,04s
[2021-05-16T23:32:08.018+0200][11522,484s] GC(13) Pause Young (Normal) (G1 Evacuation Pause)
[2021-05-16T23:32:08.018+0200][11522,484s] GC(13) Using 4 workers of 4 for evacuation
[2021-05-16T23:32:08.066+0200][11522,532s] GC(13)   Pre Evacuate Collection Set: 0,0ms
[2021-05-16T23:32:08.066+0200][11522,532s] GC(13)   Evacuate Collection Set: 44,9ms
[2021-05-16T23:32:08.066+0200][11522,532s] GC(13)   Post Evacuate Collection Set: 2,7ms
[2021-05-16T23:32:08.066+0200][11522,532s] GC(13)   Other: 0,4ms
[2021-05-16T23:32:08.066+0200][11522,532s] GC(13) Eden regions: 284->0(291)
[2021-05-16T23:32:08.066+0200][11522,532s] GC(13) Survivor regions: 23->16(39)
[2021-05-16T23:32:08.066+0200][11522,532s] GC(13) Old regions: 24->31
[2021-05-16T23:32:08.066+0200][11522,532s] GC(13) Humongous regions: 26->8
[2021-05-16T23:32:08.066+0200][11522,532s] GC(13) Metaspace: 48455K->48455K(1093632K)
[2021-05-16T23:32:08.066+0200][11522,532s] GC(13) Pause Young (Normal) (G1 Evacuation Pause) 354M->52M(512M) 48,136ms
[2021-05-16T23:32:08.066+0200][11522,532s] GC(13) User=0,08s Sys=0,01s Real=0,05s
[2021-05-16T23:44:48.337+0200][12282,802s] GC(14) Pause Young (Normal) (G1 Evacuation Pause)
[2021-05-16T23:44:48.337+0200][12282,802s] GC(14) Using 4 workers of 4 for evacuation
[2021-05-16T23:44:48.359+0200][12282,825s] GC(14)   Pre Evacuate Collection Set: 0,0ms
[2021-05-16T23:44:48.359+0200][12282,825s] GC(14)   Evacuate Collection Set: 20,6ms
[2021-05-16T23:44:48.359+0200][12282,825s] GC(14)   Post Evacuate Collection Set: 1,5ms
[2021-05-16T23:44:48.359+0200][12282,825s] GC(14)   Other: 0,2ms
[2021-05-16T23:44:48.359+0200][12282,825s] GC(14) Eden regions: 291->0(288)
[2021-05-16T23:44:48.359+0200][12282,825s] GC(14) Survivor regions: 16->19(39)
[2021-05-16T23:44:48.359+0200][12282,825s] GC(14) Old regions: 31->31
[2021-05-16T23:44:48.359+0200][12282,825s] GC(14) Humongous regions: 8->8
[2021-05-16T23:44:48.359+0200][12282,825s] GC(14) Metaspace: 48969K->48969K(1093632K)
[2021-05-16T23:44:48.359+0200][12282,825s] GC(14) Pause Young (Normal) (G1 Evacuation Pause) 343M->56M(512M) 22,491ms
[2021-05-16T23:44:48.359+0200][12282,825s] GC(14) User=0,07s Sys=0,00s Real=0,02s
[2021-05-16T23:48:01.886+0200][12476,352s] GC(15) Pause Young (Normal) (G1 Evacuation Pause)
[2021-05-16T23:48:01.887+0200][12476,352s] GC(15) Using 4 workers of 4 for evacuation
[2021-05-16T23:48:01.905+0200][12476,371s] GC(15)   Pre Evacuate Collection Set: 0,0ms
[2021-05-16T23:48:01.905+0200][12476,371s] GC(15)   Evacuate Collection Set: 17,6ms
[2021-05-16T23:48:01.905+0200][12476,371s] GC(15)   Post Evacuate Collection Set: 1,0ms
[2021-05-16T23:48:01.905+0200][12476,371s] GC(15)   Other: 0,2ms
[2021-05-16T23:48:01.905+0200][12476,371s] GC(15) Eden regions: 288->0(271)
[2021-05-16T23:48:01.905+0200][12476,371s] GC(15) Survivor regions: 19->36(39)
[2021-05-16T23:48:01.905+0200][12476,371s] GC(15) Old regions: 31->31
[2021-05-16T23:48:01.905+0200][12476,371s] GC(15) Humongous regions: 8->8
[2021-05-16T23:48:01.905+0200][12476,371s] GC(15) Metaspace: 49072K->49072K(1093632K)
[2021-05-16T23:48:01.905+0200][12476,371s] GC(15) Pause Young (Normal) (G1 Evacuation Pause) 344M->72M(512M) 18,787ms
[2021-05-16T23:48:01.905+0200][12476,371s] GC(15) User=0,06s Sys=0,00s Real=0,02s
[2021-05-16T23:48:04.449+0200][12478,915s] GC(16) Pause Young (Normal) (G1 Evacuation Pause)
[2021-05-16T23:48:04.449+0200][12478,915s] GC(16) Using 4 workers of 4 for evacuation
[2021-05-16T23:48:04.483+0200][12478,949s] GC(16)   Pre Evacuate Collection Set: 0,0ms
[2021-05-16T23:48:04.483+0200][12478,949s] GC(16)   Evacuate Collection Set: 33,1ms
[2021-05-16T23:48:04.483+0200][12478,949s] GC(16)   Post Evacuate Collection Set: 0,5ms
[2021-05-16T23:48:04.483+0200][12478,949s] GC(16)   Other: 0,2ms
[2021-05-16T23:48:04.483+0200][12478,949s] GC(16) Eden regions: 271->0(268)
[2021-05-16T23:48:04.483+0200][12478,949s] GC(16) Survivor regions: 36->39(39)
[2021-05-16T23:48:04.483+0200][12478,949s] GC(16) Old regions: 31->50
[2021-05-16T23:48:04.483+0200][12478,949s] GC(16) Humongous regions: 15->9
[2021-05-16T23:48:04.483+0200][12478,949s] GC(16) Metaspace: 49116K->49116K(1093632K)
[2021-05-16T23:48:04.483+0200][12478,949s] GC(16) Pause Young (Normal) (G1 Evacuation Pause) 350M->96M(512M) 33,836ms
[2021-05-16T23:48:04.483+0200][12478,949s] GC(16) User=0,13s Sys=0,00s Real=0,04s
[2021-05-16T23:50:58.740+0200][12653,205s] GC(17) Pause Young (Normal) (G1 Evacuation Pause)
[2021-05-16T23:50:58.740+0200][12653,206s] GC(17) Using 4 workers of 4 for evacuation
[2021-05-16T23:50:58.747+0200][12653,213s] GC(17)   Pre Evacuate Collection Set: 0,0ms
[2021-05-16T23:50:58.747+0200][12653,213s] GC(17)   Evacuate Collection Set: 5,2ms
[2021-05-16T23:50:58.747+0200][12653,213s] GC(17)   Post Evacuate Collection Set: 1,2ms
[2021-05-16T23:50:58.747+0200][12653,213s] GC(17)   Other: 1,0ms
[2021-05-16T23:50:58.747+0200][12653,213s] GC(17) Eden regions: 268->0(304)
[2021-05-16T23:50:58.747+0200][12653,213s] GC(17) Survivor regions: 39->3(39)
[2021-05-16T23:50:58.747+0200][12653,213s] GC(17) Old regions: 50->54
[2021-05-16T23:50:58.747+0200][12653,213s] GC(17) Humongous regions: 9->8
[2021-05-16T23:50:58.747+0200][12653,213s] GC(17) Metaspace: 49190K->49190K(1093632K)
[2021-05-16T23:50:58.747+0200][12653,213s] GC(17) Pause Young (Normal) (G1 Evacuation Pause) 364M->63M(512M) 7,385ms
[2021-05-16T23:50:58.747+0200][12653,213s] GC(17) User=0,03s Sys=0,00s Real=0,01s
[2021-05-18T14:55:34.280+0200][13474,200s] GC(18) Pause Young (Normal) (G1 Evacuation Pause)
[2021-05-18T14:55:34.281+0200][13474,200s] GC(18) Using 4 workers of 4 for evacuation
[2021-05-18T14:55:34.287+0200][13474,206s] GC(18)   Pre Evacuate Collection Set: 0,0ms
[2021-05-18T14:55:34.287+0200][13474,206s] GC(18)   Evacuate Collection Set: 5,4ms
[2021-05-18T14:55:34.287+0200][13474,206s] GC(18)   Post Evacuate Collection Set: 0,5ms
[2021-05-18T14:55:34.287+0200][13474,206s] GC(18)   Other: 0,4ms
[2021-05-18T14:55:34.287+0200][13474,206s] GC(18) Eden regions: 304->0(300)
[2021-05-18T14:55:34.287+0200][13474,206s] GC(18) Survivor regions: 3->7(39)
[2021-05-18T14:55:34.287+0200][13474,206s] GC(18) Old regions: 54->54
[2021-05-18T14:55:34.287+0200][13474,206s] GC(18) Humongous regions: 8->8
[2021-05-18T14:55:34.287+0200][13474,206s] GC(18) Metaspace: 49553K->49553K(1093632K)
[2021-05-18T14:55:34.287+0200][13474,206s] GC(18) Pause Young (Normal) (G1 Evacuation Pause) 367M->67M(512M) 6,331ms
[2021-05-18T14:55:34.287+0200][13474,206s] GC(18) User=0,02s Sys=0,00s Real=0,00s
[2021-05-18T14:58:32.789+0200][13652,708s] GC(19) Pause Young (Normal) (G1 Evacuation Pause)
[2021-05-18T14:58:32.789+0200][13652,708s] GC(19) Using 4 workers of 4 for evacuation
[2021-05-18T14:58:32.806+0200][13652,725s] GC(19)   Pre Evacuate Collection Set: 0,0ms
[2021-05-18T14:58:32.806+0200][13652,725s] GC(19)   Evacuate Collection Set: 12,2ms
[2021-05-18T14:58:32.806+0200][13652,725s] GC(19)   Post Evacuate Collection Set: 4,4ms
[2021-05-18T14:58:32.806+0200][13652,725s] GC(19)   Other: 0,2ms
[2021-05-18T14:58:32.806+0200][13652,725s] GC(19) Eden regions: 300->0(283)
[2021-05-18T14:58:32.806+0200][13652,725s] GC(19) Survivor regions: 7->24(39)
[2021-05-18T14:58:32.806+0200][13652,725s] GC(19) Old regions: 54->54
[2021-05-18T14:58:32.806+0200][13652,725s] GC(19) Humongous regions: 8->8
[2021-05-18T14:58:32.806+0200][13652,725s] GC(19) Metaspace: 50415K->50415K(1095680K)
[2021-05-18T14:58:32.806+0200][13652,725s] GC(19) Pause Young (Normal) (G1 Evacuation Pause) 367M->83M(512M) 16,804ms
[2021-05-18T14:58:32.806+0200][13652,725s] GC(19) User=0,06s Sys=0,00s Real=0,02s
[2021-05-18T14:58:35.118+0200][13655,037s] GC(20) Pause Young (Normal) (G1 Evacuation Pause)
[2021-05-18T14:58:35.118+0200][13655,037s] GC(20) Using 4 workers of 4 for evacuation
[2021-05-18T14:58:35.133+0200][13655,052s] GC(20)   Pre Evacuate Collection Set: 0,0ms
[2021-05-18T14:58:35.133+0200][13655,052s] GC(20)   Evacuate Collection Set: 14,2ms
[2021-05-18T14:58:35.133+0200][13655,052s] GC(20)   Post Evacuate Collection Set: 0,5ms
[2021-05-18T14:58:35.133+0200][13655,052s] GC(20)   Other: 0,2ms
[2021-05-18T14:58:35.133+0200][13655,052s] GC(20) Eden regions: 283->0(298)
[2021-05-18T14:58:35.133+0200][13655,052s] GC(20) Survivor regions: 24->9(39)
[2021-05-18T14:58:35.133+0200][13655,052s] GC(20) Old regions: 54->58
[2021-05-18T14:58:35.133+0200][13655,052s] GC(20) Humongous regions: 14->8
[2021-05-18T14:58:35.133+0200][13655,052s] GC(20) Metaspace: 50450K->50450K(1095680K)
[2021-05-18T14:58:35.133+0200][13655,052s] GC(20) Pause Young (Normal) (G1 Evacuation Pause) 372M->72M(512M) 14,995ms
[2021-05-18T14:58:35.133+0200][13655,052s] GC(20) User=0,03s Sys=0,00s Real=0,01s
[2021-05-18T15:37:22.000+0200][15982,349s] GC(21) Pause Young (Normal) (G1 Evacuation Pause)
[2021-05-18T15:37:22.004+0200][15982,353s] GC(21) Using 4 workers of 4 for evacuation
[2021-05-18T15:37:22.023+0200][15982,372s] GC(21)   Pre Evacuate Collection Set: 0,0ms
[2021-05-18T15:37:22.023+0200][15982,373s] GC(21)   Evacuate Collection Set: 16,2ms
[2021-05-18T15:37:22.024+0200][15982,373s] GC(21)   Post Evacuate Collection Set: 3,2ms
[2021-05-18T15:37:22.024+0200][15982,373s] GC(21)   Other: 4,3ms
[2021-05-18T15:37:22.024+0200][15982,373s] GC(21) Eden regions: 298->0(301)
[2021-05-18T15:37:22.024+0200][15982,373s] GC(21) Survivor regions: 9->6(39)
[2021-05-18T15:37:22.024+0200][15982,373s] GC(21) Old regions: 58->58
[2021-05-18T15:37:22.024+0200][15982,373s] GC(21) Humongous regions: 8->8
[2021-05-18T15:37:22.024+0200][15982,373s] GC(21) Metaspace: 52919K->52919K(1097728K)
[2021-05-18T15:37:22.024+0200][15982,373s] GC(21) Pause Young (Normal) (G1 Evacuation Pause) 370M->69M(512M) 23,774ms
[2021-05-18T15:37:22.024+0200][15982,373s] GC(21) User=0,05s Sys=0,00s Real=0,02s
[2021-05-18T15:39:44.163+0200][16124,512s] GC(22) Pause Young (Normal) (G1 Evacuation Pause)
[2021-05-18T15:39:44.163+0200][16124,512s] GC(22) Using 4 workers of 4 for evacuation
[2021-05-18T15:39:44.186+0200][16124,535s] GC(22)   Pre Evacuate Collection Set: 0,0ms
[2021-05-18T15:39:44.186+0200][16124,535s] GC(22)   Evacuate Collection Set: 16,5ms
[2021-05-18T15:39:44.186+0200][16124,535s] GC(22)   Post Evacuate Collection Set: 6,2ms
[2021-05-18T15:39:44.186+0200][16124,535s] GC(22)   Other: 0,2ms
[2021-05-18T15:39:44.186+0200][16124,535s] GC(22) Eden regions: 301->0(299)
[2021-05-18T15:39:44.186+0200][16124,535s] GC(22) Survivor regions: 6->8(39)
[2021-05-18T15:39:44.186+0200][16124,535s] GC(22) Old regions: 58->58
[2021-05-18T15:39:44.186+0200][16124,535s] GC(22) Humongous regions: 8->8
[2021-05-18T15:39:44.186+0200][16124,535s] GC(22) Metaspace: 55070K->55070K(1099776K)
[2021-05-18T15:39:44.186+0200][16124,535s] GC(22) Pause Young (Normal) (G1 Evacuation Pause) 370M->71M(512M) 23,096ms
[2021-05-18T15:39:44.186+0200][16124,535s] GC(22) User=0,06s Sys=0,00s Real=0,02s
[2021-05-18T15:41:01.015+0200][16201,364s] GC(23) Pause Young (Normal) (G1 Evacuation Pause)
[2021-05-18T15:41:01.015+0200][16201,364s] GC(23) Using 4 workers of 4 for evacuation
[2021-05-18T15:41:01.029+0200][16201,378s] GC(23)   Pre Evacuate Collection Set: 0,0ms
[2021-05-18T15:41:01.029+0200][16201,378s] GC(23)   Evacuate Collection Set: 12,8ms
[2021-05-18T15:41:01.029+0200][16201,378s] GC(23)   Post Evacuate Collection Set: 1,5ms
[2021-05-18T15:41:01.029+0200][16201,378s] GC(23)   Other: 0,1ms
[2021-05-18T15:41:01.029+0200][16201,378s] GC(23) Eden regions: 299->0(297)
[2021-05-18T15:41:01.029+0200][16201,378s] GC(23) Survivor regions: 8->10(39)
[2021-05-18T15:41:01.029+0200][16201,378s] GC(23) Old regions: 58->58
[2021-05-18T15:41:01.029+0200][16201,378s] GC(23) Humongous regions: 8->8
[2021-05-18T15:41:01.029+0200][16201,378s] GC(23) Metaspace: 56587K->56587K(1101824K)
[2021-05-18T15:41:01.029+0200][16201,379s] GC(23) Pause Young (Normal) (G1 Evacuation Pause) 370M->73M(512M) 14,604ms
[2021-05-18T15:41:01.029+0200][16201,379s] GC(23) User=0,04s Sys=0,00s Real=0,02s
[2021-05-18T15:43:22.740+0200][16343,089s] GC(24) Pause Young (Normal) (G1 Evacuation Pause)
[2021-05-18T15:43:22.740+0200][16343,089s] GC(24) Using 4 workers of 4 for evacuation
[2021-05-18T15:43:22.770+0200][16343,119s] GC(24)   Pre Evacuate Collection Set: 0,0ms
[2021-05-18T15:43:22.770+0200][16343,119s] GC(24)   Evacuate Collection Set: 27,2ms
[2021-05-18T15:43:22.770+0200][16343,119s] GC(24)   Post Evacuate Collection Set: 2,3ms
[2021-05-18T15:43:22.770+0200][16343,119s] GC(24)   Other: 0,2ms
[2021-05-18T15:43:22.770+0200][16343,119s] GC(24) Eden regions: 297->0(294)
[2021-05-18T15:43:22.770+0200][16343,119s] GC(24) Survivor regions: 10->13(39)
[2021-05-18T15:43:22.770+0200][16343,119s] GC(24) Old regions: 58->58
[2021-05-18T15:43:22.770+0200][16343,119s] GC(24) Humongous regions: 8->8
[2021-05-18T15:43:22.770+0200][16343,119s] GC(24) Metaspace: 58303K->58303K(1101824K)
[2021-05-18T15:43:22.770+0200][16343,119s] GC(24) Pause Young (Normal) (G1 Evacuation Pause) 370M->76M(512M) 29,793ms
[2021-05-18T15:43:22.770+0200][16343,119s] GC(24) User=0,06s Sys=0,00s Real=0,03s
[2021-05-18T15:46:29.598+0200][16529,947s] GC(25) Pause Young (Normal) (G1 Evacuation Pause)
[2021-05-18T15:46:29.598+0200][16529,947s] GC(25) Using 4 workers of 4 for evacuation
[2021-05-18T15:46:29.620+0200][16529,969s] GC(25)   Pre Evacuate Collection Set: 0,0ms
[2021-05-18T15:46:29.620+0200][16529,969s] GC(25)   Evacuate Collection Set: 20,4ms
[2021-05-18T15:46:29.620+0200][16529,969s] GC(25)   Post Evacuate Collection Set: 1,7ms
[2021-05-18T15:46:29.620+0200][16529,969s] GC(25)   Other: 0,2ms
[2021-05-18T15:46:29.620+0200][16529,969s] GC(25) Eden regions: 294->0(291)
[2021-05-18T15:46:29.620+0200][16529,969s] GC(25) Survivor regions: 13->16(39)
[2021-05-18T15:46:29.620+0200][16529,969s] GC(25) Old regions: 58->58
[2021-05-18T15:46:29.620+0200][16529,969s] GC(25) Humongous regions: 8->8
[2021-05-18T15:46:29.620+0200][16529,969s] GC(25) Metaspace: 59935K->59935K(1103872K)
[2021-05-18T15:46:29.620+0200][16529,969s] GC(25) Pause Young (Normal) (G1 Evacuation Pause) 370M->79M(512M) 22,475ms
[2021-05-18T15:46:29.620+0200][16529,969s] GC(25) User=0,07s Sys=0,00s Real=0,03s
[2021-05-28T19:09:48.490+0200][39925,171s] GC(26) Pause Young (Normal) (G1 Evacuation Pause)
[2021-05-28T19:09:48.491+0200][39925,173s] GC(26) Using 4 workers of 4 for evacuation
[2021-05-28T19:09:48.562+0200][39925,244s] GC(26)   Pre Evacuate Collection Set: 0,7ms
[2021-05-28T19:09:48.562+0200][39925,244s] GC(26)   Evacuate Collection Set: 64,5ms
[2021-05-28T19:09:48.562+0200][39925,244s] GC(26)   Post Evacuate Collection Set: 4,8ms
[2021-05-28T19:09:48.562+0200][39925,244s] GC(26)   Other: 3,7ms
[2021-05-28T19:09:48.563+0200][39925,245s] GC(26) Eden regions: 291->0(291)
[2021-05-28T19:09:48.563+0200][39925,245s] GC(26) Survivor regions: 16->16(39)
[2021-05-28T19:09:48.563+0200][39925,245s] GC(26) Old regions: 58->58
[2021-05-28T19:09:48.563+0200][39925,245s] GC(26) Humongous regions: 8->8
[2021-05-28T19:09:48.563+0200][39925,245s] GC(26) Metaspace: 61841K->61841K(1105920K)
[2021-05-28T19:09:48.563+0200][39925,245s] GC(26) Pause Young (Normal) (G1 Evacuation Pause) 370M->79M(512M) 73,609ms
[2021-05-28T19:09:48.563+0200][39925,245s] GC(26) User=0,24s Sys=0,00s Real=0,07s
